// Jest Snapshot v1, https://goo.gl/fbAQLP

exports[`Displays icon-settings-menu 1`] = `
<div>
  <div
    class="app-logo"
  >
    <div
      class="app-logo-NotificationBar-fullScreenVariant-1"
    />
    <div
      class="icon-settings-menuview__FullHeightWrapper-sifysq-4 jTCuVw"
    >
      <div
        class="icon-settings-menuview__IconContainer-sifysq-2 hYgNBi"
        role="tablist"
      >
        <button
          aria-selected="true"
          class="icon-settings-menuview__IconBarButton-sifysq-3 cfISAO"
          role="tab"
        >
          <div
            class="app-logo-MuiGrid-root icon-settings-menuview__StyledGrid-sifysq-0 gatdKn app-logo-MuiGrid-container app-logo-MuiGrid-direction-xs-column app-logo-MuiGrid-align-items-xs-center app-logo-MuiGrid-justify-xs-center"
          >
            <svg
              aria-hidden="true"
              class="app-logo-MuiSvgIcon-root"
              focusable="false"
              viewBox="0 0 24 24"
            >
              <path
                d="M9 16.2L4.8 12l-1.4 1.4L9 19 21 7l-1.4-1.4L9 16.2z"
              />
            </svg>
            <span
              class="icon-settings-menuview__Label-sifysq-1 ROzOT"
              data-testid="label"
            >
              test1
            </span>
          </div>
        </button>
        <button
          aria-selected="false"
          class="icon-settings-menuview__IconBarButton-sifysq-3 fkXDUo"
          role="tab"
        >
          <div
            class="app-logo-MuiGrid-root icon-settings-menuview__StyledGrid-sifysq-0 gatdKn app-logo-MuiGrid-container app-logo-MuiGrid-direction-xs-column app-logo-MuiGrid-align-items-xs-center app-logo-MuiGrid-justify-xs-center"
          >
            <svg
              aria-hidden="true"
              class="app-logo-MuiSvgIcon-root"
              focusable="false"
              viewBox="0 0 24 24"
            >
              <path
                d="M19 6.41L17.59 5 12 10.59 6.41 5 5 6.41 10.59 12 5 17.59 6.41 19 12 13.41 17.59 19 19 17.59 13.41 12z"
              />
            </svg>
            <span
              class="icon-settings-menuview__Label-sifysq-1 ROzOT"
              data-testid="label"
            >
              test2
            </span>
          </div>
        </button>
        <button
          aria-selected="false"
          class="icon-settings-menuview__IconBarButton-sifysq-3 fkXDUo"
          role="tab"
        >
          <div
            class="app-logo-MuiGrid-root icon-settings-menuview__StyledGrid-sifysq-0 gatdKn app-logo-MuiGrid-container app-logo-MuiGrid-direction-xs-column app-logo-MuiGrid-align-items-xs-center app-logo-MuiGrid-justify-xs-center"
          >
            <svg
              aria-hidden="true"
              class="app-logo-MuiSvgIcon-root"
              focusable="false"
              viewBox="0 0 24 24"
            >
              <path
                d="M9 16.2L4.8 12l-1.4 1.4L9 19 21 7l-1.4-1.4L9 16.2z"
              />
            </svg>
            <span
              class="icon-settings-menuview__Label-sifysq-1 ROzOT"
              data-testid="label"
            >
              test3
            </span>
          </div>
        </button>
        <button
          aria-selected="false"
          class="icon-settings-menuview__IconBarButton-sifysq-3 fkXDUo"
          role="tab"
        >
          <div
            class="app-logo-MuiGrid-root icon-settings-menuview__StyledGrid-sifysq-0 gatdKn app-logo-MuiGrid-container app-logo-MuiGrid-direction-xs-column app-logo-MuiGrid-align-items-xs-center app-logo-MuiGrid-justify-xs-center"
          >
            <svg
              aria-hidden="true"
              class="app-logo-MuiSvgIcon-root"
              focusable="false"
              viewBox="0 0 24 24"
            >
              <path
                d="M9 16.2L4.8 12l-1.4 1.4L9 19 21 7l-1.4-1.4L9 16.2z"
              />
            </svg>
            <span
              class="icon-settings-menuview__Label-sifysq-1 ROzOT"
              data-testid="label"
            >
              test4
            </span>
          </div>
        </button>
      </div>
    </div>
  </div>
</div>
`;
